<area shape="rect" coords="0,28,19,56" href="javascript:Butacas.selecciona('anfiteatro', 8, 18, 0, 28)" />
<area shape="rect" coords="19,28,38,56" href="javascript:Butacas.selecciona('anfiteatro', 8, 16, 19, 28)" />
<area shape="rect" coords="38,28,57,56" href="javascript:Butacas.selecciona('anfiteatro', 8, 14, 38, 28)" />
<area shape="rect" coords="57,28,76,56" href="javascript:Butacas.selecciona('anfiteatro', 8, 12, 57, 28)" />
<area shape="rect" coords="76,28,95,56" href="javascript:Butacas.selecciona('anfiteatro', 8, 10, 76, 28)" />
<area shape="rect" coords="95,28,114,56" href="javascript:Butacas.selecciona('anfiteatro', 8, 8, 95, 28)" />
<area shape="rect" coords="114,28,133,56" href="javascript:Butacas.selecciona('anfiteatro', 8, 6, 114, 28)" />
<area shape="rect" coords="133,28,152,56" href="javascript:Butacas.selecciona('anfiteatro', 8, 4, 133, 28)" />
<area shape="rect" coords="152,28,171,56" href="javascript:Butacas.selecciona('anfiteatro', 8, 2, 152, 28)" />
<area shape="rect" coords="0,56,19,84" href="javascript:Butacas.selecciona('anfiteatro', 7, 18, 0, 56)" />
<area shape="rect" coords="19,56,38,84" href="javascript:Butacas.selecciona('anfiteatro', 7, 16, 19, 56)" />
<area shape="rect" coords="38,56,57,84" href="javascript:Butacas.selecciona('anfiteatro', 7, 14, 38, 56)" />
<area shape="rect" coords="57,56,76,84" href="javascript:Butacas.selecciona('anfiteatro', 7, 12, 57, 56)" />
<area shape="rect" coords="76,56,95,84" href="javascript:Butacas.selecciona('anfiteatro', 7, 10, 76, 56)" />
<area shape="rect" coords="95,56,114,84" href="javascript:Butacas.selecciona('anfiteatro', 7, 8, 95, 56)" />
<area shape="rect" coords="114,56,133,84" href="javascript:Butacas.selecciona('anfiteatro', 7, 6, 114, 56)" />
<area shape="rect" coords="133,56,152,84" href="javascript:Butacas.selecciona('anfiteatro', 7, 4, 133, 56)" />
<area shape="rect" coords="152,56,171,84" href="javascript:Butacas.selecciona('anfiteatro', 7, 2, 152, 56)" />
<area shape="rect" coords="0,84,19,112" href="javascript:Butacas.selecciona('anfiteatro', 6, 18, 0, 84)" />
<area shape="rect" coords="19,84,38,112" href="javascript:Butacas.selecciona('anfiteatro', 6, 16, 19, 84)" />
<area shape="rect" coords="38,84,57,112" href="javascript:Butacas.selecciona('anfiteatro', 6, 14, 38, 84)" />
<area shape="rect" coords="57,84,76,112" href="javascript:Butacas.selecciona('anfiteatro', 6, 12, 57, 84)" />
<area shape="rect" coords="76,84,95,112" href="javascript:Butacas.selecciona('anfiteatro', 6, 10, 76, 84)" />
<area shape="rect" coords="95,84,114,112" href="javascript:Butacas.selecciona('anfiteatro', 6, 8, 95, 84)" />
<area shape="rect" coords="114,84,133,112" href="javascript:Butacas.selecciona('anfiteatro', 6, 6, 114, 84)" />
<area shape="rect" coords="133,84,152,112" href="javascript:Butacas.selecciona('anfiteatro', 6, 4, 133, 84)" />
<area shape="rect" coords="152,84,171,112" href="javascript:Butacas.selecciona('anfiteatro', 6, 2, 152, 84)" />
<area shape="rect" coords="0,112,19,140" href="javascript:Butacas.selecciona('anfiteatro', 5, 18, 0, 112)" />
<area shape="rect" coords="19,112,38,140" href="javascript:Butacas.selecciona('anfiteatro', 5, 16, 19, 112)" />
<area shape="rect" coords="38,112,57,140" href="javascript:Butacas.selecciona('anfiteatro', 5, 14, 38, 112)" />
<area shape="rect" coords="57,112,76,140" href="javascript:Butacas.selecciona('anfiteatro', 5, 12, 57, 112)" />
<area shape="rect" coords="76,112,95,140" href="javascript:Butacas.selecciona('anfiteatro', 5, 10, 76, 112)" />
<area shape="rect" coords="95,112,114,140" href="javascript:Butacas.selecciona('anfiteatro', 5, 8, 95, 112)" />
<area shape="rect" coords="114,112,133,140" href="javascript:Butacas.selecciona('anfiteatro', 5, 6, 114, 112)" />
<area shape="rect" coords="133,112,152,140" href="javascript:Butacas.selecciona('anfiteatro', 5, 4, 133, 112)" />
<area shape="rect" coords="152,112,171,140" href="javascript:Butacas.selecciona('anfiteatro', 5, 2, 152, 112)" />
<area shape="rect" coords="0,140,19,168" href="javascript:Butacas.selecciona('anfiteatro', 4, 18, 0, 140)" />
<area shape="rect" coords="19,140,38,168" href="javascript:Butacas.selecciona('anfiteatro', 4, 16, 19, 140)" />
<area shape="rect" coords="38,140,57,168" href="javascript:Butacas.selecciona('anfiteatro', 4, 14, 38, 140)" />
<area shape="rect" coords="57,140,76,168" href="javascript:Butacas.selecciona('anfiteatro', 4, 12, 57, 140)" />
<area shape="rect" coords="76,140,95,168" href="javascript:Butacas.selecciona('anfiteatro', 4, 10, 76, 140)" />
<area shape="rect" coords="95,140,114,168" href="javascript:Butacas.selecciona('anfiteatro', 4, 8, 95, 140)" />
<area shape="rect" coords="114,140,133,168" href="javascript:Butacas.selecciona('anfiteatro', 4, 6, 114, 140)" />
<area shape="rect" coords="133,140,152,168" href="javascript:Butacas.selecciona('anfiteatro', 4, 4, 133, 140)" />
<area shape="rect" coords="152,140,171,168" href="javascript:Butacas.selecciona('anfiteatro', 4, 2, 152, 140)" />
<area shape="rect" coords="0,168,19,196" href="javascript:Butacas.selecciona('anfiteatro', 3, 18, 0, 168)" />
<area shape="rect" coords="19,168,38,196" href="javascript:Butacas.selecciona('anfiteatro', 3, 16, 19, 168)" />
<area shape="rect" coords="38,168,57,196" href="javascript:Butacas.selecciona('anfiteatro', 3, 14, 38, 168)" />
<area shape="rect" coords="57,168,76,196" href="javascript:Butacas.selecciona('anfiteatro', 3, 12, 57, 168)" />
<area shape="rect" coords="76,168,95,196" href="javascript:Butacas.selecciona('anfiteatro', 3, 10, 76, 168)" />
<area shape="rect" coords="95,168,114,196" href="javascript:Butacas.selecciona('anfiteatro', 3, 8, 95, 168)" />
<area shape="rect" coords="114,168,133,196" href="javascript:Butacas.selecciona('anfiteatro', 3, 6, 114, 168)" />
<area shape="rect" coords="133,168,152,196" href="javascript:Butacas.selecciona('anfiteatro', 3, 4, 133, 168)" />
<area shape="rect" coords="152,168,171,196" href="javascript:Butacas.selecciona('anfiteatro', 3, 2, 152, 168)" />
<area shape="rect" coords="0,196,19,224" href="javascript:Butacas.selecciona('anfiteatro', 2, 18, 0, 196)" />
<area shape="rect" coords="19,196,38,224" href="javascript:Butacas.selecciona('anfiteatro', 2, 16, 19, 196)" />
<area shape="rect" coords="38,196,57,224" href="javascript:Butacas.selecciona('anfiteatro', 2, 14, 38, 196)" />
<area shape="rect" coords="57,196,76,224" href="javascript:Butacas.selecciona('anfiteatro', 2, 12, 57, 196)" />
<area shape="rect" coords="76,196,95,224" href="javascript:Butacas.selecciona('anfiteatro', 2, 10, 76, 196)" />
<area shape="rect" coords="95,196,114,224" href="javascript:Butacas.selecciona('anfiteatro', 2, 8, 95, 196)" />
<area shape="rect" coords="114,196,133,224" href="javascript:Butacas.selecciona('anfiteatro', 2, 6, 114, 196)" />
<area shape="rect" coords="133,196,152,224" href="javascript:Butacas.selecciona('anfiteatro', 2, 4, 133, 196)" />
<area shape="rect" coords="152,196,171,224" href="javascript:Butacas.selecciona('anfiteatro', 2, 2, 152, 196)" />
<area shape="rect" coords="0,224,19,252" href="javascript:Butacas.selecciona('anfiteatro', 1, 18, 0, 224)" />
<area shape="rect" coords="19,224,38,252" href="javascript:Butacas.selecciona('anfiteatro', 1, 16, 19, 224)" />
<area shape="rect" coords="38,224,57,252" href="javascript:Butacas.selecciona('anfiteatro', 1, 14, 38, 224)" />
<area shape="rect" coords="57,224,76,252" href="javascript:Butacas.selecciona('anfiteatro', 1, 12, 57, 224)" />
<area shape="rect" coords="76,224,95,252" href="javascript:Butacas.selecciona('anfiteatro', 1, 10, 76, 224)" />
<area shape="rect" coords="95,224,114,252" href="javascript:Butacas.selecciona('anfiteatro', 1, 8, 95, 224)" />
<area shape="rect" coords="114,224,133,252" href="javascript:Butacas.selecciona('anfiteatro', 1, 6, 114, 224)" />
<area shape="rect" coords="133,224,152,252" href="javascript:Butacas.selecciona('anfiteatro', 1, 4, 133, 224)" />
<area shape="rect" coords="152,224,171,252" href="javascript:Butacas.selecciona('anfiteatro', 1, 2, 152, 224)" />

